<html>
<body>
<pre>
<h1>礦ision Build Log</h1>
<h2>Tool Versions:</h2>
IDE-Version: μVision V5.24.2.0
Copyright (C) 2017 ARM Ltd and ARM Germany GmbH. All rights reserved.
License Information: a Administrator, Administrator, LIC=YA39H-WK9U3-TGL7T-R3HYD-VEYB5-ZRHTM
 
Tool Versions:
Toolchain:       MDK-ARM Plus  Version: 5.24.1
Toolchain Path:  D:\51\ARM\ARMCC\Bin
C Compiler:      Armcc.exe V5.06 update 5 (build 528)
Assembler:       Armasm.exe V5.06 update 5 (build 528)
Linker/Locator:  ArmLink.exe V5.06 update 5 (build 528)
Library Manager: ArmAr.exe V5.06 update 5 (build 528)
Hex Converter:   FromElf.exe V5.06 update 5 (build 528)
CPU DLL:         SARMCM3.DLL V5.24.1
Dialog DLL:      DARMCM1.DLL V1.18.0.0
Target DLL:      CMSIS_AGDI.dll V1.28.3.0
Dialog DLL:      TARMCM1.DLL V1.13.0.0
 
<h2>Project:</h2>
C:\Users\86183\Desktop\github_project\holtek\Project\Templete.uvprojx
Project File Date:  04/07/2024

<h2>Output:</h2>
*** Using Compiler 'V5.06 update 5 (build 528)', folder: 'D:\51\ARM\ARMCC\Bin'
Build target 'Target 1'
compiling main.c...
..\User\main.c(43): warning:  #223-D: function "strlen" declared implicitly
    HZ_Length = strlen((char*)HZdata); 			//需要发送文本的长度
..\User\main.c(63): warning:  #223-D: function "memcpy" declared implicitly
    memcpy(&Frame_Info[5], HZdata, HZ_Length);
..\User\main.c(65): warning:  #223-D: function "Usart0_SendStr" declared implicitly
    Usart0_SendStr(USART_COM0_PORT,Frame_Info, 5 + HZ_Length + 1);
..\User\main.c(119): warning:  #167-D: argument of type "char *" is incompatible with parameter of type "u8 *"
  		SYN_FrameInfo(2, (char*)"[v10][m1][t4]真他妈牛逼");
..\User\main.c: 4 warnings, 0 errors
linking...
Program Size: Code=3896 RO-data=4472 RW-data=12 ZI-data=916  
FromELF: creating hex file...
After Build - User command #1: fromelf --bin -o ..\Output\Project.axf.bin ..\Output\Project.axf
"..\Output\Project.axf" - 0 Error(s), 4 Warning(s).

<h2>Software Packages used:</h2>

Package Vendor: Holtek
                https://mcu.holtek.com.tw/pack/Holtek.HT32_DFP.1.0.54.pack
                Holtek.HT32_DFP.1.0.54
                Holtek HT32 Family Support

<h2>Collection of Component include folders:</h2>
  .\RTE\_Target_1
  D:\51\Holtek\HT32_DFP\1.0.54\ARM\INC\Holtek\HT32F5xxxx

<h2>Collection of Component Files used:</h2>
Build Time Elapsed:  00:00:02
</pre>
</body>
</html>
